[debug] [2024-05-13T03:19:20.866Z] ----------------------------------------------------------------------
[debug] [2024-05-13T03:19:20.868Z] Command:       /opt/homebrew/Cellar/node/21.7.1/bin/node /opt/homebrew/bin/firebase deploy --only functions
[debug] [2024-05-13T03:19:20.868Z] CLI Version:   13.5.2
[debug] [2024-05-13T03:19:20.868Z] Platform:      darwin
[debug] [2024-05-13T03:19:20.868Z] Node Version:  v21.7.1
[debug] [2024-05-13T03:19:20.868Z] Time:          Sun May 12 2024 22:19:20 GMT-0500 (Central Daylight Time)
[debug] [2024-05-13T03:19:20.868Z] ----------------------------------------------------------------------
[debug] 
[debug] [2024-05-13T03:19:20.896Z] > command requires scopes: ["email","openid","https://www.googleapis.com/auth/cloudplatformprojects.readonly","https://www.googleapis.com/auth/firebase","https://www.googleapis.com/auth/cloud-platform"]
[debug] [2024-05-13T03:19:20.897Z] > authorizing via signed-in user (karimnazarovj@gmail.com)
[debug] [2024-05-13T03:19:20.897Z] [iam] checking project full-fixedness-evaluation for permissions ["cloudfunctions.functions.create","cloudfunctions.functions.delete","cloudfunctions.functions.get","cloudfunctions.functions.list","cloudfunctions.functions.update","cloudfunctions.operations.get","firebase.projects.get"]
[debug] [2024-05-13T03:19:20.897Z] >>> [apiv2][query] POST https://cloudresourcemanager.googleapis.com/v1/projects/full-fixedness-evaluation:testIamPermissions [none]
[debug] [2024-05-13T03:19:20.897Z] >>> [apiv2][(partial)header] POST https://cloudresourcemanager.googleapis.com/v1/projects/full-fixedness-evaluation:testIamPermissions x-goog-quota-user=projects/full-fixedness-evaluation
[debug] [2024-05-13T03:19:20.897Z] >>> [apiv2][body] POST https://cloudresourcemanager.googleapis.com/v1/projects/full-fixedness-evaluation:testIamPermissions {"permissions":["cloudfunctions.functions.create","cloudfunctions.functions.delete","cloudfunctions.functions.get","cloudfunctions.functions.list","cloudfunctions.functions.update","cloudfunctions.operations.get","firebase.projects.get"]}
[debug] [2024-05-13T03:19:21.081Z] <<< [apiv2][status] POST https://cloudresourcemanager.googleapis.com/v1/projects/full-fixedness-evaluation:testIamPermissions 200
[debug] [2024-05-13T03:19:21.081Z] <<< [apiv2][body] POST https://cloudresourcemanager.googleapis.com/v1/projects/full-fixedness-evaluation:testIamPermissions {"permissions":["cloudfunctions.functions.create","cloudfunctions.functions.delete","cloudfunctions.functions.get","cloudfunctions.functions.list","cloudfunctions.functions.update","cloudfunctions.operations.get","firebase.projects.get"]}
[debug] [2024-05-13T03:19:21.082Z] >>> [apiv2][query] POST https://iam.googleapis.com/v1/projects/full-fixedness-evaluation/serviceAccounts/full-fixedness-evaluation@appspot.gserviceaccount.com:testIamPermissions [none]
[debug] [2024-05-13T03:19:21.082Z] >>> [apiv2][body] POST https://iam.googleapis.com/v1/projects/full-fixedness-evaluation/serviceAccounts/full-fixedness-evaluation@appspot.gserviceaccount.com:testIamPermissions {"permissions":["iam.serviceAccounts.actAs"]}
[debug] [2024-05-13T03:19:21.233Z] <<< [apiv2][status] POST https://iam.googleapis.com/v1/projects/full-fixedness-evaluation/serviceAccounts/full-fixedness-evaluation@appspot.gserviceaccount.com:testIamPermissions 200
[debug] [2024-05-13T03:19:21.233Z] <<< [apiv2][body] POST https://iam.googleapis.com/v1/projects/full-fixedness-evaluation/serviceAccounts/full-fixedness-evaluation@appspot.gserviceaccount.com:testIamPermissions {"permissions":["iam.serviceAccounts.actAs"]}
[info] 
[info] === Deploying to 'full-fixedness-evaluation'...
[info] 
[info] i  deploying functions 
[debug] [2024-05-13T03:19:21.236Z] >>> [apiv2][query] GET https://firebase.googleapis.com/v1beta1/projects/full-fixedness-evaluation [none]
[debug] [2024-05-13T03:19:21.417Z] <<< [apiv2][status] GET https://firebase.googleapis.com/v1beta1/projects/full-fixedness-evaluation 200
[debug] [2024-05-13T03:19:21.417Z] <<< [apiv2][body] GET https://firebase.googleapis.com/v1beta1/projects/full-fixedness-evaluation {"projectId":"full-fixedness-evaluation","projectNumber":"184271918069","displayName":"full-fixedness-evaluation","name":"projects/full-fixedness-evaluation","resources":{"hostingSite":"full-fixedness-evaluation"},"state":"ACTIVE","etag":"1_0c3d6121-7cde-4adb-86eb-685fb72ab1b7"}
[info] i  functions: preparing codebase default for deployment 
[info] i  functions: ensuring required API cloudfunctions.googleapis.com is enabled... 
[info] i  functions: ensuring required API cloudbuild.googleapis.com is enabled... 
[info] i  artifactregistry: ensuring required API artifactregistry.googleapis.com is enabled... 
[debug] [2024-05-13T03:19:21.420Z] >>> [apiv2][query] GET https://serviceusage.googleapis.com/v1/projects/full-fixedness-evaluation/services/cloudfunctions.googleapis.com [none]
[debug] [2024-05-13T03:19:21.420Z] >>> [apiv2][(partial)header] GET https://serviceusage.googleapis.com/v1/projects/full-fixedness-evaluation/services/cloudfunctions.googleapis.com x-goog-quota-user=projects/full-fixedness-evaluation
[debug] [2024-05-13T03:19:21.421Z] >>> [apiv2][query] GET https://serviceusage.googleapis.com/v1/projects/full-fixedness-evaluation/services/runtimeconfig.googleapis.com [none]
[debug] [2024-05-13T03:19:21.421Z] >>> [apiv2][(partial)header] GET https://serviceusage.googleapis.com/v1/projects/full-fixedness-evaluation/services/runtimeconfig.googleapis.com x-goog-quota-user=projects/full-fixedness-evaluation
[debug] [2024-05-13T03:19:21.423Z] >>> [apiv2][query] GET https://serviceusage.googleapis.com/v1/projects/full-fixedness-evaluation/services/cloudbuild.googleapis.com [none]
[debug] [2024-05-13T03:19:21.423Z] >>> [apiv2][(partial)header] GET https://serviceusage.googleapis.com/v1/projects/full-fixedness-evaluation/services/cloudbuild.googleapis.com x-goog-quota-user=projects/full-fixedness-evaluation
[debug] [2024-05-13T03:19:21.424Z] >>> [apiv2][query] GET https://serviceusage.googleapis.com/v1/projects/full-fixedness-evaluation/services/artifactregistry.googleapis.com [none]
[debug] [2024-05-13T03:19:21.424Z] >>> [apiv2][(partial)header] GET https://serviceusage.googleapis.com/v1/projects/full-fixedness-evaluation/services/artifactregistry.googleapis.com x-goog-quota-user=projects/full-fixedness-evaluation
[debug] [2024-05-13T03:19:21.695Z] <<< [apiv2][status] GET https://serviceusage.googleapis.com/v1/projects/full-fixedness-evaluation/services/cloudbuild.googleapis.com 200
[debug] [2024-05-13T03:19:21.695Z] <<< [apiv2][body] GET https://serviceusage.googleapis.com/v1/projects/full-fixedness-evaluation/services/cloudbuild.googleapis.com [omitted]
[info] ✔  functions: required API cloudbuild.googleapis.com is enabled 
[debug] [2024-05-13T03:19:21.713Z] <<< [apiv2][status] GET https://serviceusage.googleapis.com/v1/projects/full-fixedness-evaluation/services/cloudfunctions.googleapis.com 200
[debug] [2024-05-13T03:19:21.713Z] <<< [apiv2][body] GET https://serviceusage.googleapis.com/v1/projects/full-fixedness-evaluation/services/cloudfunctions.googleapis.com [omitted]
[info] ✔  functions: required API cloudfunctions.googleapis.com is enabled 
[debug] [2024-05-13T03:19:21.714Z] <<< [apiv2][status] GET https://serviceusage.googleapis.com/v1/projects/full-fixedness-evaluation/services/artifactregistry.googleapis.com 200
[debug] [2024-05-13T03:19:21.714Z] <<< [apiv2][body] GET https://serviceusage.googleapis.com/v1/projects/full-fixedness-evaluation/services/artifactregistry.googleapis.com [omitted]
[info] ✔  artifactregistry: required API artifactregistry.googleapis.com is enabled 
[debug] [2024-05-13T03:19:21.725Z] <<< [apiv2][status] GET https://serviceusage.googleapis.com/v1/projects/full-fixedness-evaluation/services/runtimeconfig.googleapis.com 200
[debug] [2024-05-13T03:19:21.725Z] <<< [apiv2][body] GET https://serviceusage.googleapis.com/v1/projects/full-fixedness-evaluation/services/runtimeconfig.googleapis.com [omitted]
[debug] [2024-05-13T03:19:21.725Z] >>> [apiv2][query] GET https://firebase.googleapis.com/v1beta1/projects/full-fixedness-evaluation/adminSdkConfig [none]
[debug] [2024-05-13T03:19:21.888Z] <<< [apiv2][status] GET https://firebase.googleapis.com/v1beta1/projects/full-fixedness-evaluation/adminSdkConfig 200
[debug] [2024-05-13T03:19:21.889Z] <<< [apiv2][body] GET https://firebase.googleapis.com/v1beta1/projects/full-fixedness-evaluation/adminSdkConfig {"projectId":"full-fixedness-evaluation","storageBucket":"full-fixedness-evaluation.appspot.com"}
[debug] [2024-05-13T03:19:21.890Z] >>> [apiv2][query] GET https://runtimeconfig.googleapis.com/v1beta1/projects/full-fixedness-evaluation/configs [none]
[debug] [2024-05-13T03:19:22.044Z] <<< [apiv2][status] GET https://runtimeconfig.googleapis.com/v1beta1/projects/full-fixedness-evaluation/configs 200
[debug] [2024-05-13T03:19:22.045Z] <<< [apiv2][body] GET https://runtimeconfig.googleapis.com/v1beta1/projects/full-fixedness-evaluation/configs {}
[debug] [2024-05-13T03:19:22.046Z] Validating nodejs source
[warn] ⚠  functions: package.json indicates an outdated version of firebase-functions. Please upgrade using npm install --save firebase-functions@latest in your functions directory. 
[warn] ⚠  functions: Please note that there will be breaking changes when you upgrade. 
[debug] [2024-05-13T03:19:22.433Z] > [functions] package.json contents: {
  "name": "functions",
  "description": "Cloud Functions for Firebase",
  "scripts": {
    "serve": "firebase emulators:start --only functions",
    "shell": "firebase functions:shell",
    "start": "npm run shell",
    "deploy": "firebase deploy --only functions",
    "logs": "firebase functions:log"
  },
  "engines": {
    "node": "18"
  },
  "main": "index.js",
  "dependencies": {
    "cors": "^2.8.5",
    "firebase-admin": "^11.8.0",
    "firebase-functions": "^4.3.1"
  },
  "devDependencies": {
    "firebase-functions-test": "^3.1.0"
  },
  "private": true
}
[debug] [2024-05-13T03:19:22.433Z] Building nodejs source
[info] i  functions: Loading and analyzing source code for codebase default to determine what to deploy 
[debug] [2024-05-13T03:19:22.434Z] Could not find functions.yaml. Must use http discovery
[debug] [2024-05-13T03:19:22.437Z] Found firebase-functions binary at '/Users/jamshedkarimnazarov/Documents/Programming Projects/Research Assistant/Second appointment/full-fixedness-evaluation/functions/node_modules/.bin/firebase-functions'
[info] Serving at port 8855

[error] (node:7399) [DEP0040] DeprecationWarning: The `punycode` module is deprecated. Please use a userland alternative instead.
(Use `node --trace-deprecation ...` to show where the warning was created)

[debug] [2024-05-13T03:19:22.679Z] Got response from /__/functions.yaml {"endpoints":{"fetchAndStoreWebPage":{"platform":"gcfv1","labels":{},"availableMemoryMb":null,"timeoutSeconds":null,"minInstances":null,"maxInstances":null,"ingressSettings":null,"serviceAccountEmail":null,"vpc":null,"callableTrigger":{},"entryPoint":"fetchAndStoreWebPage"}},"specVersion":"v1alpha1","requiredAPIs":[]}
[info] i  functions: preparing functions directory for uploading... 
[info] i  functions: packaged /Users/jamshedkarimnazarov/Documents/Programming Projects/Research Assistant/Second appointment/full-fixedness-evaluation/functions (68.37 KB) for uploading 
[debug] [2024-05-13T03:19:27.724Z] >>> [apiv2][query] GET https://cloudfunctions.googleapis.com/v1/projects/full-fixedness-evaluation/locations/-/functions [none]
[debug] [2024-05-13T03:19:28.316Z] <<< [apiv2][status] GET https://cloudfunctions.googleapis.com/v1/projects/full-fixedness-evaluation/locations/-/functions 200
[debug] [2024-05-13T03:19:28.316Z] <<< [apiv2][body] GET https://cloudfunctions.googleapis.com/v1/projects/full-fixedness-evaluation/locations/-/functions {"functions":[{"name":"projects/full-fixedness-evaluation/locations/us-central1/functions/fetchAndStoreWebPage","httpsTrigger":{"url":"https://us-central1-full-fixedness-evaluation.cloudfunctions.net/fetchAndStoreWebPage","securityLevel":"SECURE_ALWAYS"},"status":"ACTIVE","entryPoint":"fetchAndStoreWebPage","timeout":"60s","availableMemoryMb":256,"serviceAccountEmail":"full-fixedness-evaluation@appspot.gserviceaccount.com","updateTime":"2024-05-13T02:57:26.008Z","versionId":"1","labels":{"deployment-tool":"cli-firebase","deployment-callable":"true","firebase-functions-hash":"7fa39ff778e6912e274d5e8359b5e696c33a1769"},"sourceUploadUrl":"https://storage.googleapis.com/uploads-899441808609.us-central1.cloudfunctions.appspot.com/08b41132-4345-4d23-9608-9efa246ccc84.zip","environmentVariables":{"FIREBASE_CONFIG":"{\"projectId\":\"full-fixedness-evaluation\",\"storageBucket\":\"full-fixedness-evaluation.appspot.com\"}","GCLOUD_PROJECT":"full-fixedness-evaluation","EVENTARC_CLOUD_EVENT_SOURCE":"projects/full-fixedness-evaluation/locations/us-central1/functions/fetchAndStoreWebPage"},"runtime":"nodejs18","ingressSettings":"ALLOW_ALL","buildId":"fc802905-7195-4890-8774-e0e76b286d95","buildEnvironmentVariables":{"GOOGLE_NODE_RUN_SCRIPTS":""},"buildName":"projects/184271918069/locations/us-central1/builds/fc802905-7195-4890-8774-e0e76b286d95","dockerRegistry":"ARTIFACT_REGISTRY","automaticUpdatePolicy":{}}]}
[debug] [2024-05-13T03:19:28.317Z] >>> [apiv2][query] GET https://cloudfunctions.googleapis.com/v2/projects/full-fixedness-evaluation/locations/-/functions filter=environment%3D%22GEN_2%22
[debug] [2024-05-13T03:19:28.829Z] <<< [apiv2][status] GET https://cloudfunctions.googleapis.com/v2/projects/full-fixedness-evaluation/locations/-/functions 200
[debug] [2024-05-13T03:19:28.829Z] <<< [apiv2][body] GET https://cloudfunctions.googleapis.com/v2/projects/full-fixedness-evaluation/locations/-/functions {}
[debug] [2024-05-13T03:19:28.834Z] >>> [apiv2][query] GET https://firebase.googleapis.com/v1beta1/projects/full-fixedness-evaluation [none]
[debug] [2024-05-13T03:19:29.050Z] <<< [apiv2][status] GET https://firebase.googleapis.com/v1beta1/projects/full-fixedness-evaluation 200
[debug] [2024-05-13T03:19:29.050Z] <<< [apiv2][body] GET https://firebase.googleapis.com/v1beta1/projects/full-fixedness-evaluation {"projectId":"full-fixedness-evaluation","projectNumber":"184271918069","displayName":"full-fixedness-evaluation","name":"projects/full-fixedness-evaluation","resources":{"hostingSite":"full-fixedness-evaluation"},"state":"ACTIVE","etag":"1_0c3d6121-7cde-4adb-86eb-685fb72ab1b7"}
[debug] [2024-05-13T03:19:29.051Z] >>> [apiv2][query] POST https://cloudfunctions.googleapis.com/v1/projects/full-fixedness-evaluation/locations/us-central1/functions:generateUploadUrl [none]
[debug] [2024-05-13T03:19:29.051Z] >>> [apiv2][body] POST https://cloudfunctions.googleapis.com/v1/projects/full-fixedness-evaluation/locations/us-central1/functions:generateUploadUrl {}
[debug] [2024-05-13T03:19:29.527Z] <<< [apiv2][status] POST https://cloudfunctions.googleapis.com/v1/projects/full-fixedness-evaluation/locations/us-central1/functions:generateUploadUrl 200
[debug] [2024-05-13T03:19:29.528Z] <<< [apiv2][body] POST https://cloudfunctions.googleapis.com/v1/projects/full-fixedness-evaluation/locations/us-central1/functions:generateUploadUrl {"uploadUrl":"https://storage.googleapis.com/uploads-899441808609.us-central1.cloudfunctions.appspot.com/444dbe69-1773-4beb-854e-6fb2ba6a098b.zip?GoogleAccessId=service-184271918069@gcf-admin-robot.iam.gserviceaccount.com&Expires=1715572169&Signature=Dd3zO1Omg0hEz%2BM%2BznP9hDU1Dp%2BKNpPePI7YHGF7YZaJQMl%2F9%2Bnr%2Bds50tfLdOFnRc4M8ooLUSYmxmRzHSSP4wnZij3Ia8v2M6tOwiHXdhe1avGwWX4MlH%2BnHEaL4PGrDgpEISBu6AZmyXBeps7C8UKyUP%2BaSjlnLYyF8ufpffhQKg0kL83Xv53UfPqCvJBqLYvSA6FTdLb%2B2d3yXLnlM4TBSamrFoyP%2BYeGdnQBdznyZy6HSDS9cUJTeMzvETf3ZUMivI6444nPrd8GUBhQqaix8fdWwpUYzLSdOWsNKCeOq4PS22jREs%2Bzp8CVAvCxPv%2FD5CnPtfvclPyBox3oYQ%3D%3D"}
[debug] [2024-05-13T03:19:29.530Z] >>> [apiv2][query] PUT https://storage.googleapis.com/uploads-899441808609.us-central1.cloudfunctions.appspot.com/444dbe69-1773-4beb-854e-6fb2ba6a098b.zip GoogleAccessId=service-184271918069%40gcf-admin-robot.iam.gserviceaccount.com&Expires=1715572169&Signature=Dd3zO1Omg0hEz%2BM%2BznP9hDU1Dp%2BKNpPePI7YHGF7YZaJQMl%2F9%2Bnr%2Bds50tfLdOFnRc4M8ooLUSYmxmRzHSSP4wnZij3Ia8v2M6tOwiHXdhe1avGwWX4MlH%2BnHEaL4PGrDgpEISBu6AZmyXBeps7C8UKyUP%2BaSjlnLYyF8ufpffhQKg0kL83Xv53UfPqCvJBqLYvSA6FTdLb%2B2d3yXLnlM4TBSamrFoyP%2BYeGdnQBdznyZy6HSDS9cUJTeMzvETf3ZUMivI6444nPrd8GUBhQqaix8fdWwpUYzLSdOWsNKCeOq4PS22jREs%2Bzp8CVAvCxPv%2FD5CnPtfvclPyBox3oYQ%3D%3D
[debug] [2024-05-13T03:19:29.530Z] >>> [apiv2][body] PUT https://storage.googleapis.com/uploads-899441808609.us-central1.cloudfunctions.appspot.com/444dbe69-1773-4beb-854e-6fb2ba6a098b.zip [stream]
[debug] [2024-05-13T03:19:29.728Z] <<< [apiv2][status] PUT https://storage.googleapis.com/uploads-899441808609.us-central1.cloudfunctions.appspot.com/444dbe69-1773-4beb-854e-6fb2ba6a098b.zip 200
[debug] [2024-05-13T03:19:29.728Z] <<< [apiv2][body] PUT https://storage.googleapis.com/uploads-899441808609.us-central1.cloudfunctions.appspot.com/444dbe69-1773-4beb-854e-6fb2ba6a098b.zip [omitted]
[info] ✔  functions: functions folder uploaded successfully 
[info] i  functions: updating Node.js 18 (1st Gen) function fetchAndStoreWebPage(us-central1)... 
[debug] [2024-05-13T03:19:29.731Z] >>> [apiv2][query] PATCH https://cloudfunctions.googleapis.com/v1/projects/full-fixedness-evaluation/locations/us-central1/functions/fetchAndStoreWebPage updateMask=name%2CsourceUploadUrl%2CentryPoint%2Cruntime%2CdockerRegistry%2Clabels%2ChttpsTrigger.securityLevel%2CminInstances%2CmaxInstances%2CingressSettings%2CenvironmentVariables%2CserviceAccountEmail%2CavailableMemoryMb%2Ctimeout%2CvpcConnector%2CvpcConnectorEgressSettings%2CsourceToken%2CbuildEnvironmentVariables
[debug] [2024-05-13T03:19:29.731Z] >>> [apiv2][body] PATCH https://cloudfunctions.googleapis.com/v1/projects/full-fixedness-evaluation/locations/us-central1/functions/fetchAndStoreWebPage {"name":"projects/full-fixedness-evaluation/locations/us-central1/functions/fetchAndStoreWebPage","sourceUploadUrl":"https://storage.googleapis.com/uploads-899441808609.us-central1.cloudfunctions.appspot.com/444dbe69-1773-4beb-854e-6fb2ba6a098b.zip?GoogleAccessId=service-184271918069@gcf-admin-robot.iam.gserviceaccount.com&Expires=1715572169&Signature=Dd3zO1Omg0hEz%2BM%2BznP9hDU1Dp%2BKNpPePI7YHGF7YZaJQMl%2F9%2Bnr%2Bds50tfLdOFnRc4M8ooLUSYmxmRzHSSP4wnZij3Ia8v2M6tOwiHXdhe1avGwWX4MlH%2BnHEaL4PGrDgpEISBu6AZmyXBeps7C8UKyUP%2BaSjlnLYyF8ufpffhQKg0kL83Xv53UfPqCvJBqLYvSA6FTdLb%2B2d3yXLnlM4TBSamrFoyP%2BYeGdnQBdznyZy6HSDS9cUJTeMzvETf3ZUMivI6444nPrd8GUBhQqaix8fdWwpUYzLSdOWsNKCeOq4PS22jREs%2Bzp8CVAvCxPv%2FD5CnPtfvclPyBox3oYQ%3D%3D","entryPoint":"fetchAndStoreWebPage","runtime":"nodejs18","dockerRegistry":"ARTIFACT_REGISTRY","labels":{"deployment-tool":"cli-firebase","deployment-callable":"true","firebase-functions-hash":"c703a53216350d2b730dace39dd085336b4e2d69"},"httpsTrigger":{"securityLevel":"SECURE_ALWAYS"},"minInstances":null,"maxInstances":null,"ingressSettings":null,"environmentVariables":{"FIREBASE_CONFIG":"{\"projectId\":\"full-fixedness-evaluation\",\"storageBucket\":\"full-fixedness-evaluation.appspot.com\"}","GCLOUD_PROJECT":"full-fixedness-evaluation","EVENTARC_CLOUD_EVENT_SOURCE":"projects/full-fixedness-evaluation/locations/us-central1/functions/fetchAndStoreWebPage"},"serviceAccountEmail":null,"availableMemoryMb":null,"timeout":null,"vpcConnector":null,"vpcConnectorEgressSettings":null,"buildEnvironmentVariables":{"GOOGLE_NODE_RUN_SCRIPTS":""}}
[debug] [2024-05-13T03:19:30.271Z] <<< [apiv2][status] PATCH https://cloudfunctions.googleapis.com/v1/projects/full-fixedness-evaluation/locations/us-central1/functions/fetchAndStoreWebPage 200
[debug] [2024-05-13T03:19:30.271Z] <<< [apiv2][body] PATCH https://cloudfunctions.googleapis.com/v1/projects/full-fixedness-evaluation/locations/us-central1/functions/fetchAndStoreWebPage {"name":"operations/ZnVsbC1maXhlZG5lc3MtZXZhbHVhdGlvbi91cy1jZW50cmFsMS9mZXRjaEFuZFN0b3JlV2ViUGFnZS9Bd1hJNldPSlBUMA","metadata":{"@type":"type.googleapis.com/google.cloud.functions.v1.OperationMetadataV1","target":"projects/full-fixedness-evaluation/locations/us-central1/functions/fetchAndStoreWebPage","type":"UPDATE_FUNCTION","request":{"@type":"type.googleapis.com/google.cloud.functions.v1.CloudFunction","name":"projects/full-fixedness-evaluation/locations/us-central1/functions/fetchAndStoreWebPage","httpsTrigger":{"url":"https://us-central1-full-fixedness-evaluation.cloudfunctions.net/fetchAndStoreWebPage","securityLevel":"SECURE_ALWAYS"},"status":"ACTIVE","entryPoint":"fetchAndStoreWebPage","updateTime":"2024-05-13T02:57:26.008Z","versionId":"1","labels":{"deployment-tool":"cli-firebase","deployment-callable":"true","firebase-functions-hash":"c703a53216350d2b730dace39dd085336b4e2d69"},"sourceUploadUrl":"https://storage.googleapis.com/uploads-899441808609.us-central1.cloudfunctions.appspot.com/444dbe69-1773-4beb-854e-6fb2ba6a098b.zip?GoogleAccessId=service-184271918069@gcf-admin-robot.iam.gserviceaccount.com&Expires=1715572169&Signature=Dd3zO1Omg0hEz%2BM%2BznP9hDU1Dp%2BKNpPePI7YHGF7YZaJQMl%2F9%2Bnr%2Bds50tfLdOFnRc4M8ooLUSYmxmRzHSSP4wnZij3Ia8v2M6tOwiHXdhe1avGwWX4MlH%2BnHEaL4PGrDgpEISBu6AZmyXBeps7C8UKyUP%2BaSjlnLYyF8ufpffhQKg0kL83Xv53UfPqCvJBqLYvSA6FTdLb%2B2d3yXLnlM4TBSamrFoyP%2BYeGdnQBdznyZy6HSDS9cUJTeMzvETf3ZUMivI6444nPrd8GUBhQqaix8fdWwpUYzLSdOWsNKCeOq4PS22jREs%2Bzp8CVAvCxPv%2FD5CnPtfvclPyBox3oYQ%3D%3D","environmentVariables":{"FIREBASE_CONFIG":"{\"projectId\":\"full-fixedness-evaluation\",\"storageBucket\":\"full-fixedness-evaluation.appspot.com\"}","GCLOUD_PROJECT":"full-fixedness-evaluation","EVENTARC_CLOUD_EVENT_SOURCE":"projects/full-fixedness-evaluation/locations/us-central1/functions/fetchAndStoreWebPage"},"runtime":"nodejs18","buildId":"fc802905-7195-4890-8774-e0e76b286d95","buildEnvironmentVariables":{"GOOGLE_NODE_RUN_SCRIPTS":""},"buildName":"projects/184271918069/locations/us-central1/builds/fc802905-7195-4890-8774-e0e76b286d95","dockerRegistry":"ARTIFACT_REGISTRY","automaticUpdatePolicy":{}},"versionId":"2","updateTime":"2024-05-13T03:19:30Z"}}
[debug] [2024-05-13T03:19:30.273Z] >>> [apiv2][query] GET https://cloudfunctions.googleapis.com/v1/operations/ZnVsbC1maXhlZG5lc3MtZXZhbHVhdGlvbi91cy1jZW50cmFsMS9mZXRjaEFuZFN0b3JlV2ViUGFnZS9Bd1hJNldPSlBUMA [none]
[debug] [2024-05-13T03:19:30.425Z] <<< [apiv2][status] GET https://cloudfunctions.googleapis.com/v1/operations/ZnVsbC1maXhlZG5lc3MtZXZhbHVhdGlvbi91cy1jZW50cmFsMS9mZXRjaEFuZFN0b3JlV2ViUGFnZS9Bd1hJNldPSlBUMA 200
[debug] [2024-05-13T03:19:30.425Z] <<< [apiv2][body] GET https://cloudfunctions.googleapis.com/v1/operations/ZnVsbC1maXhlZG5lc3MtZXZhbHVhdGlvbi91cy1jZW50cmFsMS9mZXRjaEFuZFN0b3JlV2ViUGFnZS9Bd1hJNldPSlBUMA {"name":"operations/ZnVsbC1maXhlZG5lc3MtZXZhbHVhdGlvbi91cy1jZW50cmFsMS9mZXRjaEFuZFN0b3JlV2ViUGFnZS9Bd1hJNldPSlBUMA","metadata":{"@type":"type.googleapis.com/google.cloud.functions.v1.OperationMetadataV1","target":"projects/full-fixedness-evaluation/locations/us-central1/functions/fetchAndStoreWebPage","type":"UPDATE_FUNCTION","request":{"@type":"type.googleapis.com/google.cloud.functions.v1.CloudFunction","name":"projects/full-fixedness-evaluation/locations/us-central1/functions/fetchAndStoreWebPage","httpsTrigger":{"url":"https://us-central1-full-fixedness-evaluation.cloudfunctions.net/fetchAndStoreWebPage","securityLevel":"SECURE_ALWAYS"},"status":"ACTIVE","entryPoint":"fetchAndStoreWebPage","updateTime":"2024-05-13T02:57:26.008Z","versionId":"1","labels":{"deployment-tool":"cli-firebase","deployment-callable":"true","firebase-functions-hash":"c703a53216350d2b730dace39dd085336b4e2d69"},"sourceUploadUrl":"https://storage.googleapis.com/uploads-899441808609.us-central1.cloudfunctions.appspot.com/444dbe69-1773-4beb-854e-6fb2ba6a098b.zip?GoogleAccessId=service-184271918069@gcf-admin-robot.iam.gserviceaccount.com&Expires=1715572169&Signature=Dd3zO1Omg0hEz%2BM%2BznP9hDU1Dp%2BKNpPePI7YHGF7YZaJQMl%2F9%2Bnr%2Bds50tfLdOFnRc4M8ooLUSYmxmRzHSSP4wnZij3Ia8v2M6tOwiHXdhe1avGwWX4MlH%2BnHEaL4PGrDgpEISBu6AZmyXBeps7C8UKyUP%2BaSjlnLYyF8ufpffhQKg0kL83Xv53UfPqCvJBqLYvSA6FTdLb%2B2d3yXLnlM4TBSamrFoyP%2BYeGdnQBdznyZy6HSDS9cUJTeMzvETf3ZUMivI6444nPrd8GUBhQqaix8fdWwpUYzLSdOWsNKCeOq4PS22jREs%2Bzp8CVAvCxPv%2FD5CnPtfvclPyBox3oYQ%3D%3D","environmentVariables":{"FIREBASE_CONFIG":"{\"projectId\":\"full-fixedness-evaluation\",\"storageBucket\":\"full-fixedness-evaluation.appspot.com\"}","GCLOUD_PROJECT":"full-fixedness-evaluation","EVENTARC_CLOUD_EVENT_SOURCE":"projects/full-fixedness-evaluation/locations/us-central1/functions/fetchAndStoreWebPage"},"runtime":"nodejs18","buildId":"fc802905-7195-4890-8774-e0e76b286d95","buildEnvironmentVariables":{"GOOGLE_NODE_RUN_SCRIPTS":""},"buildName":"projects/184271918069/locations/us-central1/builds/fc802905-7195-4890-8774-e0e76b286d95","dockerRegistry":"ARTIFACT_REGISTRY","automaticUpdatePolicy":{}},"versionId":"2","updateTime":"2024-05-13T03:19:30Z"}}
[debug] [2024-05-13T03:19:30.927Z] [update-default-us-central1-fetchAndStoreWebPage] Retrying task index 0
[debug] [2024-05-13T03:19:30.927Z] >>> [apiv2][query] GET https://cloudfunctions.googleapis.com/v1/operations/ZnVsbC1maXhlZG5lc3MtZXZhbHVhdGlvbi91cy1jZW50cmFsMS9mZXRjaEFuZFN0b3JlV2ViUGFnZS9Bd1hJNldPSlBUMA [none]
[debug] [2024-05-13T03:19:31.098Z] <<< [apiv2][status] GET https://cloudfunctions.googleapis.com/v1/operations/ZnVsbC1maXhlZG5lc3MtZXZhbHVhdGlvbi91cy1jZW50cmFsMS9mZXRjaEFuZFN0b3JlV2ViUGFnZS9Bd1hJNldPSlBUMA 200
[debug] [2024-05-13T03:19:31.098Z] <<< [apiv2][body] GET https://cloudfunctions.googleapis.com/v1/operations/ZnVsbC1maXhlZG5lc3MtZXZhbHVhdGlvbi91cy1jZW50cmFsMS9mZXRjaEFuZFN0b3JlV2ViUGFnZS9Bd1hJNldPSlBUMA {"name":"operations/ZnVsbC1maXhlZG5lc3MtZXZhbHVhdGlvbi91cy1jZW50cmFsMS9mZXRjaEFuZFN0b3JlV2ViUGFnZS9Bd1hJNldPSlBUMA","metadata":{"@type":"type.googleapis.com/google.cloud.functions.v1.OperationMetadataV1","target":"projects/full-fixedness-evaluation/locations/us-central1/functions/fetchAndStoreWebPage","type":"UPDATE_FUNCTION","request":{"@type":"type.googleapis.com/google.cloud.functions.v1.CloudFunction","name":"projects/full-fixedness-evaluation/locations/us-central1/functions/fetchAndStoreWebPage","httpsTrigger":{"url":"https://us-central1-full-fixedness-evaluation.cloudfunctions.net/fetchAndStoreWebPage","securityLevel":"SECURE_ALWAYS"},"status":"ACTIVE","entryPoint":"fetchAndStoreWebPage","updateTime":"2024-05-13T02:57:26.008Z","versionId":"1","labels":{"deployment-tool":"cli-firebase","deployment-callable":"true","firebase-functions-hash":"c703a53216350d2b730dace39dd085336b4e2d69"},"sourceUploadUrl":"https://storage.googleapis.com/uploads-899441808609.us-central1.cloudfunctions.appspot.com/444dbe69-1773-4beb-854e-6fb2ba6a098b.zip?GoogleAccessId=service-184271918069@gcf-admin-robot.iam.gserviceaccount.com&Expires=1715572169&Signature=Dd3zO1Omg0hEz%2BM%2BznP9hDU1Dp%2BKNpPePI7YHGF7YZaJQMl%2F9%2Bnr%2Bds50tfLdOFnRc4M8ooLUSYmxmRzHSSP4wnZij3Ia8v2M6tOwiHXdhe1avGwWX4MlH%2BnHEaL4PGrDgpEISBu6AZmyXBeps7C8UKyUP%2BaSjlnLYyF8ufpffhQKg0kL83Xv53UfPqCvJBqLYvSA6FTdLb%2B2d3yXLnlM4TBSamrFoyP%2BYeGdnQBdznyZy6HSDS9cUJTeMzvETf3ZUMivI6444nPrd8GUBhQqaix8fdWwpUYzLSdOWsNKCeOq4PS22jREs%2Bzp8CVAvCxPv%2FD5CnPtfvclPyBox3oYQ%3D%3D","environmentVariables":{"FIREBASE_CONFIG":"{\"projectId\":\"full-fixedness-evaluation\",\"storageBucket\":\"full-fixedness-evaluation.appspot.com\"}","GCLOUD_PROJECT":"full-fixedness-evaluation","EVENTARC_CLOUD_EVENT_SOURCE":"projects/full-fixedness-evaluation/locations/us-central1/functions/fetchAndStoreWebPage"},"runtime":"nodejs18","buildId":"fc802905-7195-4890-8774-e0e76b286d95","buildEnvironmentVariables":{"GOOGLE_NODE_RUN_SCRIPTS":""},"buildName":"projects/184271918069/locations/us-central1/builds/fc802905-7195-4890-8774-e0e76b286d95","dockerRegistry":"ARTIFACT_REGISTRY","automaticUpdatePolicy":{}},"versionId":"2","updateTime":"2024-05-13T03:19:30Z","buildId":"6d370b43-03a4-4b52-8d20-e0fbe239bdd2","buildName":"projects/184271918069/locations/us-central1/builds/6d370b43-03a4-4b52-8d20-e0fbe239bdd2"}}
[debug] [2024-05-13T03:19:32.100Z] [update-default-us-central1-fetchAndStoreWebPage] Retrying task index 0
[debug] [2024-05-13T03:19:32.101Z] >>> [apiv2][query] GET https://cloudfunctions.googleapis.com/v1/operations/ZnVsbC1maXhlZG5lc3MtZXZhbHVhdGlvbi91cy1jZW50cmFsMS9mZXRjaEFuZFN0b3JlV2ViUGFnZS9Bd1hJNldPSlBUMA [none]
[debug] [2024-05-13T03:19:32.216Z] <<< [apiv2][status] GET https://cloudfunctions.googleapis.com/v1/operations/ZnVsbC1maXhlZG5lc3MtZXZhbHVhdGlvbi91cy1jZW50cmFsMS9mZXRjaEFuZFN0b3JlV2ViUGFnZS9Bd1hJNldPSlBUMA 200
[debug] [2024-05-13T03:19:32.216Z] <<< [apiv2][body] GET https://cloudfunctions.googleapis.com/v1/operations/ZnVsbC1maXhlZG5lc3MtZXZhbHVhdGlvbi91cy1jZW50cmFsMS9mZXRjaEFuZFN0b3JlV2ViUGFnZS9Bd1hJNldPSlBUMA {"name":"operations/ZnVsbC1maXhlZG5lc3MtZXZhbHVhdGlvbi91cy1jZW50cmFsMS9mZXRjaEFuZFN0b3JlV2ViUGFnZS9Bd1hJNldPSlBUMA","metadata":{"@type":"type.googleapis.com/google.cloud.functions.v1.OperationMetadataV1","target":"projects/full-fixedness-evaluation/locations/us-central1/functions/fetchAndStoreWebPage","type":"UPDATE_FUNCTION","request":{"@type":"type.googleapis.com/google.cloud.functions.v1.CloudFunction","name":"projects/full-fixedness-evaluation/locations/us-central1/functions/fetchAndStoreWebPage","httpsTrigger":{"url":"https://us-central1-full-fixedness-evaluation.cloudfunctions.net/fetchAndStoreWebPage","securityLevel":"SECURE_ALWAYS"},"status":"ACTIVE","entryPoint":"fetchAndStoreWebPage","updateTime":"2024-05-13T02:57:26.008Z","versionId":"1","labels":{"deployment-tool":"cli-firebase","deployment-callable":"true","firebase-functions-hash":"c703a53216350d2b730dace39dd085336b4e2d69"},"sourceUploadUrl":"https://storage.googleapis.com/uploads-899441808609.us-central1.cloudfunctions.appspot.com/444dbe69-1773-4beb-854e-6fb2ba6a098b.zip?GoogleAccessId=service-184271918069@gcf-admin-robot.iam.gserviceaccount.com&Expires=1715572169&Signature=Dd3zO1Omg0hEz%2BM%2BznP9hDU1Dp%2BKNpPePI7YHGF7YZaJQMl%2F9%2Bnr%2Bds50tfLdOFnRc4M8ooLUSYmxmRzHSSP4wnZij3Ia8v2M6tOwiHXdhe1avGwWX4MlH%2BnHEaL4PGrDgpEISBu6AZmyXBeps7C8UKyUP%2BaSjlnLYyF8ufpffhQKg0kL83Xv53UfPqCvJBqLYvSA6FTdLb%2B2d3yXLnlM4TBSamrFoyP%2BYeGdnQBdznyZy6HSDS9cUJTeMzvETf3ZUMivI6444nPrd8GUBhQqaix8fdWwpUYzLSdOWsNKCeOq4PS22jREs%2Bzp8CVAvCxPv%2FD5CnPtfvclPyBox3oYQ%3D%3D","environmentVariables":{"FIREBASE_CONFIG":"{\"projectId\":\"full-fixedness-evaluation\",\"storageBucket\":\"full-fixedness-evaluation.appspot.com\"}","GCLOUD_PROJECT":"full-fixedness-evaluation","EVENTARC_CLOUD_EVENT_SOURCE":"projects/full-fixedness-evaluation/locations/us-central1/functions/fetchAndStoreWebPage"},"runtime":"nodejs18","buildId":"fc802905-7195-4890-8774-e0e76b286d95","buildEnvironmentVariables":{"GOOGLE_NODE_RUN_SCRIPTS":""},"buildName":"projects/184271918069/locations/us-central1/builds/fc802905-7195-4890-8774-e0e76b286d95","dockerRegistry":"ARTIFACT_REGISTRY","automaticUpdatePolicy":{}},"versionId":"2","updateTime":"2024-05-13T03:19:30Z","buildId":"6d370b43-03a4-4b52-8d20-e0fbe239bdd2","buildName":"projects/184271918069/locations/us-central1/builds/6d370b43-03a4-4b52-8d20-e0fbe239bdd2"}}
[debug] [2024-05-13T03:19:34.218Z] [update-default-us-central1-fetchAndStoreWebPage] Retrying task index 0
[debug] [2024-05-13T03:19:34.219Z] >>> [apiv2][query] GET https://cloudfunctions.googleapis.com/v1/operations/ZnVsbC1maXhlZG5lc3MtZXZhbHVhdGlvbi91cy1jZW50cmFsMS9mZXRjaEFuZFN0b3JlV2ViUGFnZS9Bd1hJNldPSlBUMA [none]
[debug] [2024-05-13T03:19:34.378Z] <<< [apiv2][status] GET https://cloudfunctions.googleapis.com/v1/operations/ZnVsbC1maXhlZG5lc3MtZXZhbHVhdGlvbi91cy1jZW50cmFsMS9mZXRjaEFuZFN0b3JlV2ViUGFnZS9Bd1hJNldPSlBUMA 200
[debug] [2024-05-13T03:19:34.378Z] <<< [apiv2][body] GET https://cloudfunctions.googleapis.com/v1/operations/ZnVsbC1maXhlZG5lc3MtZXZhbHVhdGlvbi91cy1jZW50cmFsMS9mZXRjaEFuZFN0b3JlV2ViUGFnZS9Bd1hJNldPSlBUMA {"name":"operations/ZnVsbC1maXhlZG5lc3MtZXZhbHVhdGlvbi91cy1jZW50cmFsMS9mZXRjaEFuZFN0b3JlV2ViUGFnZS9Bd1hJNldPSlBUMA","metadata":{"@type":"type.googleapis.com/google.cloud.functions.v1.OperationMetadataV1","target":"projects/full-fixedness-evaluation/locations/us-central1/functions/fetchAndStoreWebPage","type":"UPDATE_FUNCTION","request":{"@type":"type.googleapis.com/google.cloud.functions.v1.CloudFunction","name":"projects/full-fixedness-evaluation/locations/us-central1/functions/fetchAndStoreWebPage","httpsTrigger":{"url":"https://us-central1-full-fixedness-evaluation.cloudfunctions.net/fetchAndStoreWebPage","securityLevel":"SECURE_ALWAYS"},"status":"ACTIVE","entryPoint":"fetchAndStoreWebPage","updateTime":"2024-05-13T02:57:26.008Z","versionId":"1","labels":{"deployment-tool":"cli-firebase","deployment-callable":"true","firebase-functions-hash":"c703a53216350d2b730dace39dd085336b4e2d69"},"sourceUploadUrl":"https://storage.googleapis.com/uploads-899441808609.us-central1.cloudfunctions.appspot.com/444dbe69-1773-4beb-854e-6fb2ba6a098b.zip?GoogleAccessId=service-184271918069@gcf-admin-robot.iam.gserviceaccount.com&Expires=1715572169&Signature=Dd3zO1Omg0hEz%2BM%2BznP9hDU1Dp%2BKNpPePI7YHGF7YZaJQMl%2F9%2Bnr%2Bds50tfLdOFnRc4M8ooLUSYmxmRzHSSP4wnZij3Ia8v2M6tOwiHXdhe1avGwWX4MlH%2BnHEaL4PGrDgpEISBu6AZmyXBeps7C8UKyUP%2BaSjlnLYyF8ufpffhQKg0kL83Xv53UfPqCvJBqLYvSA6FTdLb%2B2d3yXLnlM4TBSamrFoyP%2BYeGdnQBdznyZy6HSDS9cUJTeMzvETf3ZUMivI6444nPrd8GUBhQqaix8fdWwpUYzLSdOWsNKCeOq4PS22jREs%2Bzp8CVAvCxPv%2FD5CnPtfvclPyBox3oYQ%3D%3D","environmentVariables":{"FIREBASE_CONFIG":"{\"projectId\":\"full-fixedness-evaluation\",\"storageBucket\":\"full-fixedness-evaluation.appspot.com\"}","GCLOUD_PROJECT":"full-fixedness-evaluation","EVENTARC_CLOUD_EVENT_SOURCE":"projects/full-fixedness-evaluation/locations/us-central1/functions/fetchAndStoreWebPage"},"runtime":"nodejs18","buildId":"fc802905-7195-4890-8774-e0e76b286d95","buildEnvironmentVariables":{"GOOGLE_NODE_RUN_SCRIPTS":""},"buildName":"projects/184271918069/locations/us-central1/builds/fc802905-7195-4890-8774-e0e76b286d95","dockerRegistry":"ARTIFACT_REGISTRY","automaticUpdatePolicy":{}},"versionId":"2","updateTime":"2024-05-13T03:19:30Z","buildId":"6d370b43-03a4-4b52-8d20-e0fbe239bdd2","buildName":"projects/184271918069/locations/us-central1/builds/6d370b43-03a4-4b52-8d20-e0fbe239bdd2"}}
[debug] [2024-05-13T03:19:38.380Z] [update-default-us-central1-fetchAndStoreWebPage] Retrying task index 0
[debug] [2024-05-13T03:19:38.380Z] >>> [apiv2][query] GET https://cloudfunctions.googleapis.com/v1/operations/ZnVsbC1maXhlZG5lc3MtZXZhbHVhdGlvbi91cy1jZW50cmFsMS9mZXRjaEFuZFN0b3JlV2ViUGFnZS9Bd1hJNldPSlBUMA [none]
[debug] [2024-05-13T03:19:38.491Z] <<< [apiv2][status] GET https://cloudfunctions.googleapis.com/v1/operations/ZnVsbC1maXhlZG5lc3MtZXZhbHVhdGlvbi91cy1jZW50cmFsMS9mZXRjaEFuZFN0b3JlV2ViUGFnZS9Bd1hJNldPSlBUMA 200
[debug] [2024-05-13T03:19:38.492Z] <<< [apiv2][body] GET https://cloudfunctions.googleapis.com/v1/operations/ZnVsbC1maXhlZG5lc3MtZXZhbHVhdGlvbi91cy1jZW50cmFsMS9mZXRjaEFuZFN0b3JlV2ViUGFnZS9Bd1hJNldPSlBUMA {"name":"operations/ZnVsbC1maXhlZG5lc3MtZXZhbHVhdGlvbi91cy1jZW50cmFsMS9mZXRjaEFuZFN0b3JlV2ViUGFnZS9Bd1hJNldPSlBUMA","metadata":{"@type":"type.googleapis.com/google.cloud.functions.v1.OperationMetadataV1","target":"projects/full-fixedness-evaluation/locations/us-central1/functions/fetchAndStoreWebPage","type":"UPDATE_FUNCTION","request":{"@type":"type.googleapis.com/google.cloud.functions.v1.CloudFunction","name":"projects/full-fixedness-evaluation/locations/us-central1/functions/fetchAndStoreWebPage","httpsTrigger":{"url":"https://us-central1-full-fixedness-evaluation.cloudfunctions.net/fetchAndStoreWebPage","securityLevel":"SECURE_ALWAYS"},"status":"ACTIVE","entryPoint":"fetchAndStoreWebPage","updateTime":"2024-05-13T02:57:26.008Z","versionId":"1","labels":{"deployment-tool":"cli-firebase","deployment-callable":"true","firebase-functions-hash":"c703a53216350d2b730dace39dd085336b4e2d69"},"sourceUploadUrl":"https://storage.googleapis.com/uploads-899441808609.us-central1.cloudfunctions.appspot.com/444dbe69-1773-4beb-854e-6fb2ba6a098b.zip?GoogleAccessId=service-184271918069@gcf-admin-robot.iam.gserviceaccount.com&Expires=1715572169&Signature=Dd3zO1Omg0hEz%2BM%2BznP9hDU1Dp%2BKNpPePI7YHGF7YZaJQMl%2F9%2Bnr%2Bds50tfLdOFnRc4M8ooLUSYmxmRzHSSP4wnZij3Ia8v2M6tOwiHXdhe1avGwWX4MlH%2BnHEaL4PGrDgpEISBu6AZmyXBeps7C8UKyUP%2BaSjlnLYyF8ufpffhQKg0kL83Xv53UfPqCvJBqLYvSA6FTdLb%2B2d3yXLnlM4TBSamrFoyP%2BYeGdnQBdznyZy6HSDS9cUJTeMzvETf3ZUMivI6444nPrd8GUBhQqaix8fdWwpUYzLSdOWsNKCeOq4PS22jREs%2Bzp8CVAvCxPv%2FD5CnPtfvclPyBox3oYQ%3D%3D","environmentVariables":{"FIREBASE_CONFIG":"{\"projectId\":\"full-fixedness-evaluation\",\"storageBucket\":\"full-fixedness-evaluation.appspot.com\"}","GCLOUD_PROJECT":"full-fixedness-evaluation","EVENTARC_CLOUD_EVENT_SOURCE":"projects/full-fixedness-evaluation/locations/us-central1/functions/fetchAndStoreWebPage"},"runtime":"nodejs18","buildId":"fc802905-7195-4890-8774-e0e76b286d95","buildEnvironmentVariables":{"GOOGLE_NODE_RUN_SCRIPTS":""},"buildName":"projects/184271918069/locations/us-central1/builds/fc802905-7195-4890-8774-e0e76b286d95","dockerRegistry":"ARTIFACT_REGISTRY","automaticUpdatePolicy":{}},"versionId":"2","updateTime":"2024-05-13T03:19:30Z","buildId":"6d370b43-03a4-4b52-8d20-e0fbe239bdd2","buildName":"projects/184271918069/locations/us-central1/builds/6d370b43-03a4-4b52-8d20-e0fbe239bdd2"}}
[debug] [2024-05-13T03:19:46.493Z] [update-default-us-central1-fetchAndStoreWebPage] Retrying task index 0
[debug] [2024-05-13T03:19:46.493Z] >>> [apiv2][query] GET https://cloudfunctions.googleapis.com/v1/operations/ZnVsbC1maXhlZG5lc3MtZXZhbHVhdGlvbi91cy1jZW50cmFsMS9mZXRjaEFuZFN0b3JlV2ViUGFnZS9Bd1hJNldPSlBUMA [none]
[debug] [2024-05-13T03:19:46.679Z] <<< [apiv2][status] GET https://cloudfunctions.googleapis.com/v1/operations/ZnVsbC1maXhlZG5lc3MtZXZhbHVhdGlvbi91cy1jZW50cmFsMS9mZXRjaEFuZFN0b3JlV2ViUGFnZS9Bd1hJNldPSlBUMA 200
[debug] [2024-05-13T03:19:46.680Z] <<< [apiv2][body] GET https://cloudfunctions.googleapis.com/v1/operations/ZnVsbC1maXhlZG5lc3MtZXZhbHVhdGlvbi91cy1jZW50cmFsMS9mZXRjaEFuZFN0b3JlV2ViUGFnZS9Bd1hJNldPSlBUMA {"name":"operations/ZnVsbC1maXhlZG5lc3MtZXZhbHVhdGlvbi91cy1jZW50cmFsMS9mZXRjaEFuZFN0b3JlV2ViUGFnZS9Bd1hJNldPSlBUMA","metadata":{"@type":"type.googleapis.com/google.cloud.functions.v1.OperationMetadataV1","target":"projects/full-fixedness-evaluation/locations/us-central1/functions/fetchAndStoreWebPage","type":"UPDATE_FUNCTION","request":{"@type":"type.googleapis.com/google.cloud.functions.v1.CloudFunction","name":"projects/full-fixedness-evaluation/locations/us-central1/functions/fetchAndStoreWebPage","httpsTrigger":{"url":"https://us-central1-full-fixedness-evaluation.cloudfunctions.net/fetchAndStoreWebPage","securityLevel":"SECURE_ALWAYS"},"status":"ACTIVE","entryPoint":"fetchAndStoreWebPage","updateTime":"2024-05-13T02:57:26.008Z","versionId":"1","labels":{"deployment-tool":"cli-firebase","deployment-callable":"true","firebase-functions-hash":"c703a53216350d2b730dace39dd085336b4e2d69"},"sourceUploadUrl":"https://storage.googleapis.com/uploads-899441808609.us-central1.cloudfunctions.appspot.com/444dbe69-1773-4beb-854e-6fb2ba6a098b.zip?GoogleAccessId=service-184271918069@gcf-admin-robot.iam.gserviceaccount.com&Expires=1715572169&Signature=Dd3zO1Omg0hEz%2BM%2BznP9hDU1Dp%2BKNpPePI7YHGF7YZaJQMl%2F9%2Bnr%2Bds50tfLdOFnRc4M8ooLUSYmxmRzHSSP4wnZij3Ia8v2M6tOwiHXdhe1avGwWX4MlH%2BnHEaL4PGrDgpEISBu6AZmyXBeps7C8UKyUP%2BaSjlnLYyF8ufpffhQKg0kL83Xv53UfPqCvJBqLYvSA6FTdLb%2B2d3yXLnlM4TBSamrFoyP%2BYeGdnQBdznyZy6HSDS9cUJTeMzvETf3ZUMivI6444nPrd8GUBhQqaix8fdWwpUYzLSdOWsNKCeOq4PS22jREs%2Bzp8CVAvCxPv%2FD5CnPtfvclPyBox3oYQ%3D%3D","environmentVariables":{"FIREBASE_CONFIG":"{\"projectId\":\"full-fixedness-evaluation\",\"storageBucket\":\"full-fixedness-evaluation.appspot.com\"}","GCLOUD_PROJECT":"full-fixedness-evaluation","EVENTARC_CLOUD_EVENT_SOURCE":"projects/full-fixedness-evaluation/locations/us-central1/functions/fetchAndStoreWebPage"},"runtime":"nodejs18","buildId":"fc802905-7195-4890-8774-e0e76b286d95","buildEnvironmentVariables":{"GOOGLE_NODE_RUN_SCRIPTS":""},"buildName":"projects/184271918069/locations/us-central1/builds/fc802905-7195-4890-8774-e0e76b286d95","dockerRegistry":"ARTIFACT_REGISTRY","automaticUpdatePolicy":{}},"versionId":"2","updateTime":"2024-05-13T03:19:30Z","buildId":"6d370b43-03a4-4b52-8d20-e0fbe239bdd2","buildName":"projects/184271918069/locations/us-central1/builds/6d370b43-03a4-4b52-8d20-e0fbe239bdd2"}}
[debug] [2024-05-13T03:19:56.681Z] [update-default-us-central1-fetchAndStoreWebPage] Retrying task index 0
[debug] [2024-05-13T03:19:56.681Z] >>> [apiv2][query] GET https://cloudfunctions.googleapis.com/v1/operations/ZnVsbC1maXhlZG5lc3MtZXZhbHVhdGlvbi91cy1jZW50cmFsMS9mZXRjaEFuZFN0b3JlV2ViUGFnZS9Bd1hJNldPSlBUMA [none]
[debug] [2024-05-13T03:19:56.847Z] <<< [apiv2][status] GET https://cloudfunctions.googleapis.com/v1/operations/ZnVsbC1maXhlZG5lc3MtZXZhbHVhdGlvbi91cy1jZW50cmFsMS9mZXRjaEFuZFN0b3JlV2ViUGFnZS9Bd1hJNldPSlBUMA 200
[debug] [2024-05-13T03:19:56.847Z] <<< [apiv2][body] GET https://cloudfunctions.googleapis.com/v1/operations/ZnVsbC1maXhlZG5lc3MtZXZhbHVhdGlvbi91cy1jZW50cmFsMS9mZXRjaEFuZFN0b3JlV2ViUGFnZS9Bd1hJNldPSlBUMA {"name":"operations/ZnVsbC1maXhlZG5lc3MtZXZhbHVhdGlvbi91cy1jZW50cmFsMS9mZXRjaEFuZFN0b3JlV2ViUGFnZS9Bd1hJNldPSlBUMA","metadata":{"@type":"type.googleapis.com/google.cloud.functions.v1.OperationMetadataV1","target":"projects/full-fixedness-evaluation/locations/us-central1/functions/fetchAndStoreWebPage","type":"UPDATE_FUNCTION","request":{"@type":"type.googleapis.com/google.cloud.functions.v1.CloudFunction","name":"projects/full-fixedness-evaluation/locations/us-central1/functions/fetchAndStoreWebPage","httpsTrigger":{"url":"https://us-central1-full-fixedness-evaluation.cloudfunctions.net/fetchAndStoreWebPage","securityLevel":"SECURE_ALWAYS"},"status":"ACTIVE","entryPoint":"fetchAndStoreWebPage","updateTime":"2024-05-13T02:57:26.008Z","versionId":"1","labels":{"deployment-tool":"cli-firebase","deployment-callable":"true","firebase-functions-hash":"c703a53216350d2b730dace39dd085336b4e2d69"},"sourceUploadUrl":"https://storage.googleapis.com/uploads-899441808609.us-central1.cloudfunctions.appspot.com/444dbe69-1773-4beb-854e-6fb2ba6a098b.zip?GoogleAccessId=service-184271918069@gcf-admin-robot.iam.gserviceaccount.com&Expires=1715572169&Signature=Dd3zO1Omg0hEz%2BM%2BznP9hDU1Dp%2BKNpPePI7YHGF7YZaJQMl%2F9%2Bnr%2Bds50tfLdOFnRc4M8ooLUSYmxmRzHSSP4wnZij3Ia8v2M6tOwiHXdhe1avGwWX4MlH%2BnHEaL4PGrDgpEISBu6AZmyXBeps7C8UKyUP%2BaSjlnLYyF8ufpffhQKg0kL83Xv53UfPqCvJBqLYvSA6FTdLb%2B2d3yXLnlM4TBSamrFoyP%2BYeGdnQBdznyZy6HSDS9cUJTeMzvETf3ZUMivI6444nPrd8GUBhQqaix8fdWwpUYzLSdOWsNKCeOq4PS22jREs%2Bzp8CVAvCxPv%2FD5CnPtfvclPyBox3oYQ%3D%3D","environmentVariables":{"FIREBASE_CONFIG":"{\"projectId\":\"full-fixedness-evaluation\",\"storageBucket\":\"full-fixedness-evaluation.appspot.com\"}","GCLOUD_PROJECT":"full-fixedness-evaluation","EVENTARC_CLOUD_EVENT_SOURCE":"projects/full-fixedness-evaluation/locations/us-central1/functions/fetchAndStoreWebPage"},"runtime":"nodejs18","buildId":"fc802905-7195-4890-8774-e0e76b286d95","buildEnvironmentVariables":{"GOOGLE_NODE_RUN_SCRIPTS":""},"buildName":"projects/184271918069/locations/us-central1/builds/fc802905-7195-4890-8774-e0e76b286d95","dockerRegistry":"ARTIFACT_REGISTRY","automaticUpdatePolicy":{}},"versionId":"2","updateTime":"2024-05-13T03:19:30Z","buildId":"6d370b43-03a4-4b52-8d20-e0fbe239bdd2","buildName":"projects/184271918069/locations/us-central1/builds/6d370b43-03a4-4b52-8d20-e0fbe239bdd2"}}
[debug] [2024-05-13T03:20:06.848Z] [update-default-us-central1-fetchAndStoreWebPage] Retrying task index 0
[debug] [2024-05-13T03:20:06.849Z] >>> [apiv2][query] GET https://cloudfunctions.googleapis.com/v1/operations/ZnVsbC1maXhlZG5lc3MtZXZhbHVhdGlvbi91cy1jZW50cmFsMS9mZXRjaEFuZFN0b3JlV2ViUGFnZS9Bd1hJNldPSlBUMA [none]
[debug] [2024-05-13T03:20:07.013Z] <<< [apiv2][status] GET https://cloudfunctions.googleapis.com/v1/operations/ZnVsbC1maXhlZG5lc3MtZXZhbHVhdGlvbi91cy1jZW50cmFsMS9mZXRjaEFuZFN0b3JlV2ViUGFnZS9Bd1hJNldPSlBUMA 200
[debug] [2024-05-13T03:20:07.014Z] <<< [apiv2][body] GET https://cloudfunctions.googleapis.com/v1/operations/ZnVsbC1maXhlZG5lc3MtZXZhbHVhdGlvbi91cy1jZW50cmFsMS9mZXRjaEFuZFN0b3JlV2ViUGFnZS9Bd1hJNldPSlBUMA {"name":"operations/ZnVsbC1maXhlZG5lc3MtZXZhbHVhdGlvbi91cy1jZW50cmFsMS9mZXRjaEFuZFN0b3JlV2ViUGFnZS9Bd1hJNldPSlBUMA","metadata":{"@type":"type.googleapis.com/google.cloud.functions.v1.OperationMetadataV1","target":"projects/full-fixedness-evaluation/locations/us-central1/functions/fetchAndStoreWebPage","type":"UPDATE_FUNCTION","request":{"@type":"type.googleapis.com/google.cloud.functions.v1.CloudFunction","name":"projects/full-fixedness-evaluation/locations/us-central1/functions/fetchAndStoreWebPage","httpsTrigger":{"url":"https://us-central1-full-fixedness-evaluation.cloudfunctions.net/fetchAndStoreWebPage","securityLevel":"SECURE_ALWAYS"},"status":"ACTIVE","entryPoint":"fetchAndStoreWebPage","updateTime":"2024-05-13T02:57:26.008Z","versionId":"1","labels":{"deployment-tool":"cli-firebase","deployment-callable":"true","firebase-functions-hash":"c703a53216350d2b730dace39dd085336b4e2d69"},"sourceUploadUrl":"https://storage.googleapis.com/uploads-899441808609.us-central1.cloudfunctions.appspot.com/444dbe69-1773-4beb-854e-6fb2ba6a098b.zip?GoogleAccessId=service-184271918069@gcf-admin-robot.iam.gserviceaccount.com&Expires=1715572169&Signature=Dd3zO1Omg0hEz%2BM%2BznP9hDU1Dp%2BKNpPePI7YHGF7YZaJQMl%2F9%2Bnr%2Bds50tfLdOFnRc4M8ooLUSYmxmRzHSSP4wnZij3Ia8v2M6tOwiHXdhe1avGwWX4MlH%2BnHEaL4PGrDgpEISBu6AZmyXBeps7C8UKyUP%2BaSjlnLYyF8ufpffhQKg0kL83Xv53UfPqCvJBqLYvSA6FTdLb%2B2d3yXLnlM4TBSamrFoyP%2BYeGdnQBdznyZy6HSDS9cUJTeMzvETf3ZUMivI6444nPrd8GUBhQqaix8fdWwpUYzLSdOWsNKCeOq4PS22jREs%2Bzp8CVAvCxPv%2FD5CnPtfvclPyBox3oYQ%3D%3D","environmentVariables":{"FIREBASE_CONFIG":"{\"projectId\":\"full-fixedness-evaluation\",\"storageBucket\":\"full-fixedness-evaluation.appspot.com\"}","GCLOUD_PROJECT":"full-fixedness-evaluation","EVENTARC_CLOUD_EVENT_SOURCE":"projects/full-fixedness-evaluation/locations/us-central1/functions/fetchAndStoreWebPage"},"runtime":"nodejs18","buildId":"fc802905-7195-4890-8774-e0e76b286d95","buildEnvironmentVariables":{"GOOGLE_NODE_RUN_SCRIPTS":""},"buildName":"projects/184271918069/locations/us-central1/builds/fc802905-7195-4890-8774-e0e76b286d95","dockerRegistry":"ARTIFACT_REGISTRY","automaticUpdatePolicy":{}},"versionId":"2","updateTime":"2024-05-13T03:19:30Z","buildId":"6d370b43-03a4-4b52-8d20-e0fbe239bdd2","buildName":"projects/184271918069/locations/us-central1/builds/6d370b43-03a4-4b52-8d20-e0fbe239bdd2"}}
